PS C:\Users\rsfml\kadai>
PS C:\Users\rsfml\kadai> mkdir git_challenge

    Directory: C:\Users\rsfml\kadai

Mode                 LastWriteTime         Length Name
----                 -------------         ------ ----
d----          2023/11/01    21:41                git_challenge

PS C:\Users\rsfml\kadai> cd .\git_challenge\
PS C:\Users\rsfml\kadai\git_challenge>
PS C:\Users\rsfml\kadai\git_challenge>
PS C:\Users\rsfml\kadai\git_challenge> git init
Initialized empty Git repository in C:/Users/rsfml/kadai/git_challenge/.git/
PS C:\Users\rsfml\kadai\git_challenge>
PS C:\Users\rsfml\kadai\git_challenge>
PS C:\Users\rsfml\kadai\git_challenge> echo "Hello, world!" >> hello_world.txt 
PS C:\Users\rsfml\kadai\git_challenge>
PS C:\Users\rsfml\kadai\git_challenge>
PS C:\Users\rsfml\kadai\git_challenge> git status
On branch main

No commits yet

Untracked files:
  (use "git add <file>..." to include in what will be committed)
        hello_world.txt

nothing added to commit but untracked files present (use "git add" to track)
PS C:\Users\rsfml\kadai\git_challenge> 
PS C:\Users\rsfml\kadai\git_challenge>
PS C:\Users\rsfml\kadai\git_challenge>
PS C:\Users\rsfml\kadai\git_challenge> git add .\hello_world.txt
PS C:\Users\rsfml\kadai\git_challenge> 
PS C:\Users\rsfml\kadai\git_challenge>
PS C:\Users\rsfml\kadai\git_challenge> git status
On branch main

No commits yet

Changes to be committed:
  (use "git rm --cached <file>..." to unstage)
        new file:   hello_world.txt

PS C:\Users\rsfml\kadai\git_challenge>
PS C:\Users\rsfml\kadai\git_challenge>
PS C:\Users\rsfml\kadai\git_challenge>
PS C:\Users\rsfml\kadai\git_challenge> git commit -m "最初のコミット"
[main (root-commit) cebd81e] 最初のコミット
 1 file changed, 1 insertion(+)
 create mode 100644 hello_world.txt
PS C:\Users\rsfml\kadai\git_challenge>
PS C:\Users\rsfml\kadai\git_challenge>
PS C:\Users\rsfml\kadai\git_challenge>
PS C:\Users\rsfml\kadai\git_challenge> echo "こんにちは、世界！" >> .\hello_world.txt
PS C:\Users\rsfml\kadai\git_challenge>
PS C:\Users\rsfml\kadai\git_challenge>
PS C:\Users\rsfml\kadai\git_challenge> git status
On branch main
Changes not staged for commit:
  (use "git add <file>..." to update what will be committed)
  (use "git restore <file>..." to discard changes in working directory)
        modified:   hello_world.txt

no changes added to commit (use "git add" and/or "git commit -a")
PS C:\Users\rsfml\kadai\git_challenge>
PS C:\Users\rsfml\kadai\git_challenge>
PS C:\Users\rsfml\kadai\git_challenge>
PS C:\Users\rsfml\kadai\git_challenge> git add .\hello_world.txt
PS C:\Users\rsfml\kadai\git_challenge> 
PS C:\Users\rsfml\kadai\git_challenge> git status
On branch main
Changes to be committed:
  (use "git restore --staged <file>..." to unstage)
        modified:   hello_world.txt

PS C:\Users\rsfml\kadai\git_challenge>
PS C:\Users\rsfml\kadai\git_challenge>
PS C:\Users\rsfml\kadai\git_challenge>
PS C:\Users\rsfml\kadai\git_challenge> git commit -m "2回目のコミット"
[main 686bf76] 2回目のコミット
 1 file changed, 1 insertion(+)
PS C:\Users\rsfml\kadai\git_challenge>
PS C:\Users\rsfml\kadai\git_challenge>
PS C:\Users\rsfml\kadai\git_challenge>
PS C:\Users\rsfml\kadai\git_challenge> git log --oneline
686bf76 (HEAD -> main) 2回目のコミット
cebd81e 最初のコミット
PS C:\Users\rsfml\kadai\git_challenge> 
PS C:\Users\rsfml\kadai\git_challenge>
PS C:\Users\rsfml\kadai\git_challenge>
